--------------------------------------------------------------------------------
Release 14.7 Trace  (lin64)
Copyright (c) 1995-2013 Xilinx, Inc.  All rights reserved.

/opt/Xilinx/14.7/ISE_DS/ISE/bin/lin64/unwrapped/trce -intstyle ise -v 3 -s 5 -n
3 -fastpaths -xml TOP.twx TOP.ncd -o TOP.twr TOP.pcf

Design file:              TOP.ncd
Physical constraint file: TOP.pcf
Device,package,speed:     xc3s500e,fg320,-5 (PRODUCTION 1.27 2013-10-13)
Report level:             verbose report

Environment Variable      Effect 
--------------------      ------ 
NONE                      No environment variables were set
--------------------------------------------------------------------------------

INFO:Timing:2698 - No timing constraints found, doing default enumeration.
INFO:Timing:3412 - To improve timing, see the Timing Closure User Guide (UG612).
INFO:Timing:2752 - To get complete path coverage, use the unconstrained paths 
   option. All paths that are not constrained will be reported in the 
   unconstrained paths section(s) of the report.
INFO:Timing:3339 - The clock-to-out numbers in this timing report are based on 
   a 50 Ohm transmission line loading model.  For the details of this model, 
   and for more information on accounting for different loading conditions, 
   please see the device datasheet.
INFO:Timing:3390 - This architecture does not support a default System Jitter 
   value, please add SYSTEM_JITTER constraint to the UCF to modify the Clock 
   Uncertainty calculation.
INFO:Timing:3389 - This architecture does not support 'Discrete Jitter' and 
   'Phase Error' calculations, these terms will be zero in the Clock 
   Uncertainty calculation.  Please make appropriate modification to 
   SYSTEM_JITTER to account for the unsupported Discrete Jitter and Phase 
   Error.



Data Sheet report:
-----------------
All values displayed in nanoseconds (ns)

Clock FCLK to Pad
------------+------------+------------------+--------+
            | clk (edge) |                  | Clock  |
Destination |   to PAD   |Internal Clock(s) | Phase  |
------------+------------+------------------+--------+
DISPLAY_EN  |    4.625(R)|VGACLK            |   0.000|
POS_X<0>    |    4.649(R)|VGACLK            |   0.000|
POS_X<1>    |    4.629(R)|VGACLK            |   0.000|
POS_X<2>    |    4.199(R)|VGACLK            |   0.000|
POS_X<3>    |    4.153(R)|VGACLK            |   0.000|
POS_X<4>    |    4.679(R)|VGACLK            |   0.000|
POS_X<5>    |    4.584(R)|VGACLK            |   0.000|
POS_X<6>    |    4.682(R)|VGACLK            |   0.000|
POS_X<7>    |    4.396(R)|VGACLK            |   0.000|
POS_X<8>    |    4.191(R)|VGACLK            |   0.000|
POS_X<9>    |    4.859(R)|VGACLK            |   0.000|
POS_X<10>   |    4.145(R)|VGACLK            |   0.000|
POS_Y<0>    |    5.204(R)|VGACLK            |   0.000|
POS_Y<1>    |    5.403(R)|VGACLK            |   0.000|
POS_Y<2>    |    4.473(R)|VGACLK            |   0.000|
POS_Y<3>    |    4.703(R)|VGACLK            |   0.000|
POS_Y<4>    |    4.242(R)|VGACLK            |   0.000|
POS_Y<5>    |    5.322(R)|VGACLK            |   0.000|
POS_Y<6>    |    4.213(R)|VGACLK            |   0.000|
POS_Y<7>    |    4.184(R)|VGACLK            |   0.000|
POS_Y<8>    |    4.132(R)|VGACLK            |   0.000|
POS_Y<9>    |    4.141(R)|VGACLK            |   0.000|
POS_Y<10>   |    4.183(R)|VGACLK            |   0.000|
------------+------------+------------------+--------+

Clock to Setup on destination clock FCLK
---------------+---------+---------+---------+---------+
               | Src:Rise| Src:Fall| Src:Rise| Src:Fall|
Source Clock   |Dest:Rise|Dest:Rise|Dest:Fall|Dest:Fall|
---------------+---------+---------+---------+---------+
FCLK           |    4.107|         |         |         |
---------------+---------+---------+---------+---------+

Pad to Pad
---------------+---------------+---------+
Source Pad     |Destination Pad|  Delay  |
---------------+---------------+---------+
PIXEL_DATA<0>  |B<0>           |    4.284|
PIXEL_DATA<1>  |B<1>           |    4.292|
PIXEL_DATA<2>  |G<0>           |    5.460|
PIXEL_DATA<3>  |G<1>           |    4.284|
PIXEL_DATA<4>  |G<2>           |    5.376|
PIXEL_DATA<5>  |R<0>           |    4.783|
PIXEL_DATA<6>  |R<1>           |    4.284|
PIXEL_DATA<7>  |R<2>           |    4.284|
---------------+---------------+---------+


Analysis completed Tue Jul  5 13:58:08 2016 
--------------------------------------------------------------------------------

Trace Settings:
-------------------------
Trace Settings 

Peak Memory Usage: 348 MB



