--------------------------------------------------------------------------------
Release 14.7 Trace  (lin64)
Copyright (c) 1995-2013 Xilinx, Inc.  All rights reserved.

/opt/Xilinx/14.7/ISE_DS/ISE/bin/lin64/unwrapped/trce -intstyle ise -v 3 -s 5 -n
3 -fastpaths -xml top.twx top.ncd -o top.twr top.pcf -ucf constraints.ucf

Design file:              top.ncd
Physical constraint file: top.pcf
Device,package,speed:     xc3s500e,fg320,-5 (PRODUCTION 1.27 2013-10-13)
Report level:             verbose report

Environment Variable      Effect 
--------------------      ------ 
NONE                      No environment variables were set
--------------------------------------------------------------------------------

INFO:Timing:2698 - No timing constraints found, doing default enumeration.
INFO:Timing:3412 - To improve timing, see the Timing Closure User Guide (UG612).
INFO:Timing:2752 - To get complete path coverage, use the unconstrained paths 
   option. All paths that are not constrained will be reported in the 
   unconstrained paths section(s) of the report.
INFO:Timing:3339 - The clock-to-out numbers in this timing report are based on 
   a 50 Ohm transmission line loading model.  For the details of this model, 
   and for more information on accounting for different loading conditions, 
   please see the device datasheet.
INFO:Timing:3390 - This architecture does not support a default System Jitter 
   value, please add SYSTEM_JITTER constraint to the UCF to modify the Clock 
   Uncertainty calculation.
INFO:Timing:3389 - This architecture does not support 'Discrete Jitter' and 
   'Phase Error' calculations, these terms will be zero in the Clock 
   Uncertainty calculation.  Please make appropriate modification to 
   SYSTEM_JITTER to account for the unsupported Discrete Jitter and Phase 
   Error.



Data Sheet report:
-----------------
All values displayed in nanoseconds (ns)

Setup/Hold to clock FCLK
-------------+------------+------------+------------------+--------+
             |Max Setup to|Max Hold to |                  | Clock  |
Source       | clk (edge) | clk (edge) |Internal Clock(s) | Phase  |
-------------+------------+------------+------------------+--------+
PIXEL_DATA<0>|    5.094(R)|   -3.138(R)|VGACLK            |   0.000|
PIXEL_DATA<1>|    4.514(R)|   -2.675(R)|VGACLK            |   0.000|
PIXEL_DATA<2>|    4.800(R)|   -2.907(R)|VGACLK            |   0.000|
PIXEL_DATA<3>|    3.819(R)|   -2.122(R)|VGACLK            |   0.000|
PIXEL_DATA<4>|    3.571(R)|   -1.924(R)|VGACLK            |   0.000|
PIXEL_DATA<5>|    4.192(R)|   -2.421(R)|VGACLK            |   0.000|
PIXEL_DATA<6>|    3.344(R)|   -1.743(R)|VGACLK            |   0.000|
PIXEL_DATA<7>|    3.336(R)|   -1.736(R)|VGACLK            |   0.000|
tSCL         |    3.966(F)|   -0.815(F)|FCLK_IBUFG        |   0.000|
tSDA         |    3.958(F)|   -0.806(F)|FCLK_IBUFG        |   0.000|
-------------+------------+------------+------------------+--------+

Clock FCLK to Pad
------------+------------+------------------+--------+
            | clk (edge) |                  | Clock  |
Destination |   to PAD   |Internal Clock(s) | Phase  |
------------+------------+------------------+--------+
ANODE<2>    |    7.058(R)|FCLK_IBUFG        |   0.000|
ANODE<3>    |    7.215(R)|FCLK_IBUFG        |   0.000|
B<0>        |    6.307(R)|VGACLK            |   0.000|
B<1>        |    6.075(R)|VGACLK            |   0.000|
DISPLAY_EN  |    5.762(R)|VGACLK            |   0.000|
G<0>        |    5.461(R)|VGACLK            |   0.000|
G<1>        |    5.713(R)|VGACLK            |   0.000|
G<2>        |    6.098(R)|VGACLK            |   0.000|
HSYNC       |    6.902(R)|VGACLK            |   0.000|
POS_X<0>    |    4.800(R)|VGACLK            |   0.000|
POS_X<1>    |    4.799(R)|VGACLK            |   0.000|
POS_X<2>    |    4.334(R)|VGACLK            |   0.000|
POS_X<3>    |    4.310(R)|VGACLK            |   0.000|
POS_X<4>    |    5.679(R)|VGACLK            |   0.000|
POS_X<5>    |    5.976(R)|VGACLK            |   0.000|
POS_X<6>    |    5.119(R)|VGACLK            |   0.000|
POS_X<7>    |    6.005(R)|VGACLK            |   0.000|
POS_X<8>    |    6.133(R)|VGACLK            |   0.000|
POS_X<9>    |    4.390(R)|VGACLK            |   0.000|
POS_X<10>   |    4.797(R)|VGACLK            |   0.000|
R<0>        |    5.170(R)|VGACLK            |   0.000|
R<1>        |    5.126(R)|VGACLK            |   0.000|
R<2>        |    5.660(R)|VGACLK            |   0.000|
SEG1<1>     |   12.702(R)|FCLK_IBUFG        |   0.000|
SEG1<2>     |    9.654(R)|FCLK_IBUFG        |   0.000|
SEG1<3>     |   14.038(R)|FCLK_IBUFG        |   0.000|
SEG1<4>     |   13.633(R)|FCLK_IBUFG        |   0.000|
SEG1<5>     |   11.872(R)|FCLK_IBUFG        |   0.000|
SEG1<6>     |   13.058(R)|FCLK_IBUFG        |   0.000|
SEG1<7>     |    9.775(R)|FCLK_IBUFG        |   0.000|
tSCANCODE<0>|    5.615(F)|FCLK_IBUFG        |   0.000|
tSCANCODE<1>|    5.602(F)|FCLK_IBUFG        |   0.000|
tSCANCODE<2>|    5.609(F)|FCLK_IBUFG        |   0.000|
tSCANCODE<3>|    5.603(F)|FCLK_IBUFG        |   0.000|
tSCANCODE<4>|    5.600(F)|FCLK_IBUFG        |   0.000|
tSCANCODE<5>|    5.610(F)|FCLK_IBUFG        |   0.000|
tSCANCODE<6>|    5.586(F)|FCLK_IBUFG        |   0.000|
tSCANCODE<7>|    5.620(F)|FCLK_IBUFG        |   0.000|
------------+------------+------------------+--------+

Clock to Setup on destination clock FCLK
---------------+---------+---------+---------+---------+
               | Src:Rise| Src:Fall| Src:Rise| Src:Fall|
Source Clock   |Dest:Rise|Dest:Rise|Dest:Fall|Dest:Fall|
---------------+---------+---------+---------+---------+
FCLK           |    5.051|    2.847|         |         |
---------------+---------+---------+---------+---------+


Analysis completed Fri Jul 29 14:03:16 2016 
--------------------------------------------------------------------------------

Trace Settings:
-------------------------
Trace Settings 

Peak Memory Usage: 440 MB



